Microsoft Windows [Version 10.0.26200.6899]
(c) Microsoft Corporation. All rights reserved.

C:\Users\erid3\Documents\workspace\Tacotron2-Wavenet-Korean-TTS>